// Jest Snapshot v1, https://jestjs.io/docs/snapshot-testing

exports[`runArbitrationSimulation matches snapshot 1`] = `
[
  {
    "birth_date": null,
    "dollar_value": 140,
    "full_season_vorp": 136,
    "games_played": 10,
    "is_college": false,
    "max_arb": 43.4,
    "mean_arb": 40.8,
    "min_arb": 38.3,
    "name": "TE-Team D-1",
    "nfl_team": "BUF",
    "pct_protected": 0.67,
    "player_id": "47",
    "position": "TE",
    "ppg": 19,
    "pps": 0.5,
    "price": 12,
    "replacement_ppg": 11,
    "salary_after_arb": 52.8,
    "snaps": 300,
    "std_arb": 2.1,
    "surplus": 128,
    "surplus_after_arb": 87.2,
    "team_name": "Team D",
    "total_points": 190,
    "vorp_per_game": 8,
  },
  {
    "birth_date": null,
    "dollar_value": 122,
    "full_season_vorp": 119,
    "games_played": 10,
    "is_college": false,
    "max_arb": 39.4,
    "mean_arb": 38.9,
    "min_arb": 38.2,
    "name": "TE-Team H-0",
    "nfl_team": "BUF",
    "pct_protected": 0,
    "player_id": "94",
    "position": "TE",
    "ppg": 18,
    "pps": 0.5,
    "price": 23,
    "replacement_ppg": 11,
    "salary_after_arb": 61.9,
    "snaps": 300,
    "std_arb": 0.5,
    "surplus": 99,
    "surplus_after_arb": 60.1,
    "team_name": "Team H",
    "total_points": 180,
    "vorp_per_game": 7,
  },
  {
    "birth_date": null,
    "dollar_value": 122,
    "full_season_vorp": 119,
    "games_played": 10,
    "is_college": false,
    "max_arb": 38.2,
    "mean_arb": 36.3,
    "min_arb": 33.6,
    "name": "WR-Team C-1",
    "nfl_team": "BUF",
    "pct_protected": 0,
    "player_id": "32",
    "position": "WR",
    "ppg": 19,
    "pps": 0.5,
    "price": 17,
    "replacement_ppg": 12,
    "salary_after_arb": 53.3,
    "snaps": 300,
    "std_arb": 2,
    "surplus": 105,
    "surplus_after_arb": 68.7,
    "team_name": "Team C",
    "total_points": 190,
    "vorp_per_game": 7,
  },
  {
    "birth_date": null,
    "dollar_value": 114,
    "full_season_vorp": 110.5,
    "games_played": 10,
    "is_college": false,
    "max_arb": 33.3,
    "mean_arb": 32.8,
    "min_arb": 32.2,
    "name": "QB-Team F-1",
    "nfl_team": "BUF",
    "pct_protected": 0,
    "player_id": "62",
    "position": "QB",
    "ppg": 19,
    "pps": 0.5,
    "price": 7,
    "replacement_ppg": 12.5,
    "salary_after_arb": 39.8,
    "snaps": 300,
    "std_arb": 0.5,
    "surplus": 107,
    "surplus_after_arb": 74.2,
    "team_name": "Team F",
    "total_points": 190,
    "vorp_per_game": 6.5,
  },
  {
    "birth_date": null,
    "dollar_value": 105,
    "full_season_vorp": 102,
    "games_played": 10,
    "is_college": false,
    "max_arb": 33.8,
    "mean_arb": 32,
    "min_arb": 31,
    "name": "WR-The Witchcraft-0",
    "nfl_team": "BUF",
    "pct_protected": 0,
    "player_id": "139",
    "position": "WR",
    "ppg": 18,
    "pps": 0.5,
    "price": 8,
    "replacement_ppg": 12,
    "salary_after_arb": 40,
    "snaps": 300,
    "std_arb": 1.3,
    "surplus": 97,
    "surplus_after_arb": 65,
    "team_name": "The Witchcraft",
    "total_points": 180,
    "vorp_per_game": 6,
  },
  {
    "birth_date": null,
    "dollar_value": 140,
    "full_season_vorp": 136,
    "games_played": 10,
    "is_college": false,
    "max_arb": 34.8,
    "mean_arb": 31.6,
    "min_arb": 28.5,
    "name": "TE-Team I-1",
    "nfl_team": "BUF",
    "pct_protected": 0,
    "player_id": "107",
    "position": "TE",
    "ppg": 19,
    "pps": 0.5,
    "price": 42,
    "replacement_ppg": 11,
    "salary_after_arb": 73.6,
    "snaps": 300,
    "std_arb": 2.6,
    "surplus": 98,
    "surplus_after_arb": 66.4,
    "team_name": "Team I",
    "total_points": 190,
    "vorp_per_game": 8,
  },
  {
    "birth_date": null,
    "dollar_value": 114,
    "full_season_vorp": 110.5,
    "games_played": 10,
    "is_college": false,
    "max_arb": 26.2,
    "mean_arb": 25.3,
    "min_arb": 23.6,
    "name": "QB-Team A-1",
    "nfl_team": "BUF",
    "pct_protected": 0,
    "player_id": "2",
    "position": "QB",
    "ppg": 19,
    "pps": 0.5,
    "price": 27,
    "replacement_ppg": 12.5,
    "salary_after_arb": 52.3,
    "snaps": 300,
    "std_arb": 1.2,
    "surplus": 87,
    "surplus_after_arb": 61.7,
    "team_name": "Team A",
    "total_points": 190,
    "vorp_per_game": 6.5,
  },
  {
    "birth_date": null,
    "dollar_value": 87,
    "full_season_vorp": 85,
    "games_played": 10,
    "is_college": false,
    "max_arb": 23.4,
    "mean_arb": 22.7,
    "min_arb": 21.3,
    "name": "WR-Team G-2",
    "nfl_team": "BUF",
    "pct_protected": 0,
    "player_id": "81",
    "position": "WR",
    "ppg": 17,
    "pps": 0.5,
    "price": 4,
    "replacement_ppg": 12,
    "salary_after_arb": 26.7,
    "snaps": 300,
    "std_arb": 1,
    "surplus": 83,
    "surplus_after_arb": 60.3,
    "team_name": "Team G",
    "total_points": 170,
    "vorp_per_game": 5,
  },
  {
    "birth_date": null,
    "dollar_value": 105,
    "full_season_vorp": 102,
    "games_played": 10,
    "is_college": false,
    "max_arb": 23.4,
    "mean_arb": 21.5,
    "min_arb": 20.4,
    "name": "WR-Team G-0",
    "nfl_team": "BUF",
    "pct_protected": 0,
    "player_id": "79",
    "position": "WR",
    "ppg": 18,
    "pps": 0.5,
    "price": 28,
    "replacement_ppg": 12,
    "salary_after_arb": 49.5,
    "snaps": 300,
    "std_arb": 1.3,
    "surplus": 77,
    "surplus_after_arb": 55.5,
    "team_name": "Team G",
    "total_points": 180,
    "vorp_per_game": 6,
  },
  {
    "birth_date": null,
    "dollar_value": 114,
    "full_season_vorp": 110.5,
    "games_played": 10,
    "is_college": false,
    "max_arb": 22.3,
    "mean_arb": 20.2,
    "min_arb": 18.9,
    "name": "QB-Team K-1",
    "nfl_team": "BUF",
    "pct_protected": 0,
    "player_id": "122",
    "position": "QB",
    "ppg": 19,
    "pps": 0.5,
    "price": 37,
    "replacement_ppg": 12.5,
    "salary_after_arb": 57.2,
    "snaps": 300,
    "std_arb": 1.5,
    "surplus": 77,
    "surplus_after_arb": 56.8,
    "team_name": "Team K",
    "total_points": 190,
    "vorp_per_game": 6.5,
  },
  {
    "birth_date": null,
    "dollar_value": 105,
    "full_season_vorp": 102,
    "games_played": 10,
    "is_college": false,
    "max_arb": 21.3,
    "mean_arb": 20.1,
    "min_arb": 18,
    "name": "TE-Team C-2",
    "nfl_team": "BUF",
    "pct_protected": 0,
    "player_id": "36",
    "position": "TE",
    "ppg": 17,
    "pps": 0.5,
    "price": 19,
    "replacement_ppg": 11,
    "salary_after_arb": 39.1,
    "snaps": 300,
    "std_arb": 1.5,
    "surplus": 86,
    "surplus_after_arb": 65.9,
    "team_name": "Team C",
    "total_points": 170,
    "vorp_per_game": 6,
  },
  {
    "birth_date": null,
    "dollar_value": 87,
    "full_season_vorp": 85,
    "games_played": 10,
    "is_college": false,
    "max_arb": 22.1,
    "mean_arb": 18.6,
    "min_arb": 15.2,
    "name": "TE-The Witchcraft-1",
    "nfl_team": "BUF",
    "pct_protected": 0,
    "player_id": "143",
    "position": "TE",
    "ppg": 16,
    "pps": 0.5,
    "price": 10,
    "replacement_ppg": 11,
    "salary_after_arb": 28.6,
    "snaps": 300,
    "std_arb": 2.8,
    "surplus": 77,
    "surplus_after_arb": 58.4,
    "team_name": "The Witchcraft",
    "total_points": 160,
    "vorp_per_game": 5,
  },
  {
    "birth_date": null,
    "dollar_value": 96,
    "full_season_vorp": 93.5,
    "games_played": 10,
    "is_college": false,
    "max_arb": 18.3,
    "mean_arb": 17.9,
    "min_arb": 17.3,
    "name": "QB-Team J-0",
    "nfl_team": "BUF",
    "pct_protected": 0,
    "player_id": "109",
    "position": "QB",
    "ppg": 18,
    "pps": 0.5,
    "price": 18,
    "replacement_ppg": 12.5,
    "salary_after_arb": 35.9,
    "snaps": 300,
    "std_arb": 0.4,
    "surplus": 78,
    "surplus_after_arb": 60.1,
    "team_name": "Team J",
    "total_points": 180,
    "vorp_per_game": 5.5,
  },
  {
    "birth_date": null,
    "dollar_value": 122,
    "full_season_vorp": 119,
    "games_played": 10,
    "is_college": false,
    "max_arb": 20.3,
    "mean_arb": 17.3,
    "min_arb": 15.7,
    "name": "TE-Team C-0",
    "nfl_team": "BUF",
    "pct_protected": 0,
    "player_id": "34",
    "position": "TE",
    "ppg": 18,
    "pps": 0.5,
    "price": 43,
    "replacement_ppg": 11,
    "salary_after_arb": 60.3,
    "snaps": 300,
    "std_arb": 2.1,
    "surplus": 79,
    "surplus_after_arb": 61.7,
    "team_name": "Team C",
    "total_points": 180,
    "vorp_per_game": 7,
  },
  {
    "birth_date": null,
    "dollar_value": 122,
    "full_season_vorp": 119,
    "games_played": 10,
    "is_college": false,
    "max_arb": 17.1,
    "mean_arb": 15.8,
    "min_arb": 15.2,
    "name": "WR-Team H-1",
    "nfl_team": "BUF",
    "pct_protected": 0,
    "player_id": "92",
    "position": "WR",
    "ppg": 19,
    "pps": 0.5,
    "price": 47,
    "replacement_ppg": 12,
    "salary_after_arb": 62.8,
    "snaps": 300,
    "std_arb": 0.9,
    "surplus": 75,
    "surplus_after_arb": 59.2,
    "team_name": "Team H",
    "total_points": 190,
    "vorp_per_game": 7,
  },
  {
    "birth_date": null,
    "dollar_value": 87,
    "full_season_vorp": 85,
    "games_played": 10,
    "is_college": false,
    "max_arb": 14.9,
    "mean_arb": 14.3,
    "min_arb": 13.1,
    "name": "WR-Team B-2",
    "nfl_team": "BUF",
    "pct_protected": 0,
    "player_id": "21",
    "position": "WR",
    "ppg": 17,
    "pps": 0.5,
    "price": 24,
    "replacement_ppg": 12,
    "salary_after_arb": 38.3,
    "snaps": 300,
    "std_arb": 0.8,
    "surplus": 63,
    "surplus_after_arb": 48.7,
    "team_name": "Team B",
    "total_points": 170,
    "vorp_per_game": 5,
  },
  {
    "birth_date": null,
    "dollar_value": 70,
    "full_season_vorp": 68,
    "games_played": 10,
    "is_college": false,
    "max_arb": 14.7,
    "mean_arb": 13.5,
    "min_arb": 12.8,
    "name": "RB-Team G-1",
    "nfl_team": "BUF",
    "pct_protected": 0,
    "player_id": "77",
    "position": "RB",
    "ppg": 19,
    "pps": 0.5,
    "price": 2,
    "replacement_ppg": 15,
    "salary_after_arb": 15.5,
    "snaps": 300,
    "std_arb": 0.9,
    "surplus": 68,
    "surplus_after_arb": 54.5,
    "team_name": "Team G",
    "total_points": 190,
    "vorp_per_game": 4,
  },
  {
    "birth_date": null,
    "dollar_value": 70,
    "full_season_vorp": 68,
    "games_played": 10,
    "is_college": false,
    "max_arb": 13.7,
    "mean_arb": 13.2,
    "min_arb": 12.3,
    "name": "WR-Team A-1",
    "nfl_team": "BUF",
    "pct_protected": 0,
    "player_id": "8",
    "position": "WR",
    "ppg": 16,
    "pps": 0.5,
    "price": 5,
    "replacement_ppg": 12,
    "salary_after_arb": 18.2,
    "snaps": 300,
    "std_arb": 0.7,
    "surplus": 65,
    "surplus_after_arb": 51.8,
    "team_name": "Team A",
    "total_points": 160,
    "vorp_per_game": 4,
  },
  {
    "birth_date": null,
    "dollar_value": 79,
    "full_season_vorp": 76.5,
    "games_played": 10,
    "is_college": false,
    "max_arb": 13.6,
    "mean_arb": 13,
    "min_arb": 12,
    "name": "QB-Team E-2",
    "nfl_team": "BUF",
    "pct_protected": 0,
    "player_id": "51",
    "position": "QB",
    "ppg": 17,
    "pps": 0.5,
    "price": 14,
    "replacement_ppg": 12.5,
    "salary_after_arb": 27,
    "snaps": 300,
    "std_arb": 0.7,
    "surplus": 65,
    "surplus_after_arb": 52,
    "team_name": "Team E",
    "total_points": 170,
    "vorp_per_game": 4.5,
  },
  {
    "birth_date": null,
    "dollar_value": 105,
    "full_season_vorp": 102,
    "games_played": 10,
    "is_college": false,
    "max_arb": 13.9,
    "mean_arb": 12,
    "min_arb": 8.7,
    "name": "WR-Team B-0",
    "nfl_team": "BUF",
    "pct_protected": 0,
    "player_id": "19",
    "position": "WR",
    "ppg": 18,
    "pps": 0.5,
    "price": 48,
    "replacement_ppg": 12,
    "salary_after_arb": 60,
    "snaps": 300,
    "std_arb": 2.3,
    "surplus": 57,
    "surplus_after_arb": 45,
    "team_name": "Team B",
    "total_points": 180,
    "vorp_per_game": 6,
  },
  {
    "birth_date": null,
    "dollar_value": 70,
    "full_season_vorp": 68,
    "games_played": 10,
    "is_college": false,
    "max_arb": 9.4,
    "mean_arb": 9,
    "min_arb": 8.6,
    "name": "WR-Team K-1",
    "nfl_team": "BUF",
    "pct_protected": 0,
    "player_id": "128",
    "position": "WR",
    "ppg": 16,
    "pps": 0.5,
    "price": 15,
    "replacement_ppg": 12,
    "salary_after_arb": 24,
    "snaps": 300,
    "std_arb": 0.3,
    "surplus": 55,
    "surplus_after_arb": 46,
    "team_name": "Team K",
    "total_points": 160,
    "vorp_per_game": 4,
  },
  {
    "birth_date": null,
    "dollar_value": 87,
    "full_season_vorp": 85,
    "games_played": 10,
    "is_college": false,
    "max_arb": 10.5,
    "mean_arb": 7.9,
    "min_arb": 5.4,
    "name": "TE-Team G-1",
    "nfl_team": "BUF",
    "pct_protected": 0,
    "player_id": "83",
    "position": "TE",
    "ppg": 16,
    "pps": 0.5,
    "price": 30,
    "replacement_ppg": 11,
    "salary_after_arb": 37.9,
    "snaps": 300,
    "std_arb": 2.1,
    "surplus": 57,
    "surplus_after_arb": 49.1,
    "team_name": "Team G",
    "total_points": 160,
    "vorp_per_game": 5,
  },
  {
    "birth_date": null,
    "dollar_value": 105,
    "full_season_vorp": 102,
    "games_played": 10,
    "is_college": false,
    "max_arb": 9.7,
    "mean_arb": 7.7,
    "min_arb": 5.5,
    "name": "TE-Team H-2",
    "nfl_team": "BUF",
    "pct_protected": 0,
    "player_id": "96",
    "position": "TE",
    "ppg": 17,
    "pps": 0.5,
    "price": 49,
    "replacement_ppg": 11,
    "salary_after_arb": 56.7,
    "snaps": 300,
    "std_arb": 1.7,
    "surplus": 56,
    "surplus_after_arb": 48.3,
    "team_name": "Team H",
    "total_points": 170,
    "vorp_per_game": 6,
  },
  {
    "birth_date": null,
    "dollar_value": 70,
    "full_season_vorp": 68,
    "games_played": 10,
    "is_college": false,
    "max_arb": 8.6,
    "mean_arb": 7.6,
    "min_arb": 7,
    "name": "TE-Team F-0",
    "nfl_team": "BUF",
    "pct_protected": 0,
    "player_id": "70",
    "position": "TE",
    "ppg": 15,
    "pps": 0.5,
    "price": 11,
    "replacement_ppg": 11,
    "salary_after_arb": 18.6,
    "snaps": 300,
    "std_arb": 0.7,
    "surplus": 59,
    "surplus_after_arb": 51.4,
    "team_name": "Team F",
    "total_points": 150,
    "vorp_per_game": 4,
  },
  {
    "birth_date": null,
    "dollar_value": 96,
    "full_season_vorp": 93.5,
    "games_played": 10,
    "is_college": false,
    "max_arb": 9.4,
    "mean_arb": 7.5,
    "min_arb": 5.4,
    "name": "QB-Team E-0",
    "nfl_team": "BUF",
    "pct_protected": 0,
    "player_id": "49",
    "position": "QB",
    "ppg": 18,
    "pps": 0.5,
    "price": 38,
    "replacement_ppg": 12.5,
    "salary_after_arb": 45.5,
    "snaps": 300,
    "std_arb": 1.6,
    "surplus": 58,
    "surplus_after_arb": 50.5,
    "team_name": "Team E",
    "total_points": 180,
    "vorp_per_game": 5.5,
  },
  {
    "birth_date": null,
    "dollar_value": 52,
    "full_season_vorp": 51,
    "games_played": 10,
    "is_college": false,
    "max_arb": 7.1,
    "mean_arb": 6.3,
    "min_arb": 5.2,
    "name": "TE-Team A-2",
    "nfl_team": "BUF",
    "pct_protected": 0,
    "player_id": "12",
    "position": "TE",
    "ppg": 14,
    "pps": 0.5,
    "price": 7,
    "replacement_ppg": 11,
    "salary_after_arb": 13.3,
    "snaps": 300,
    "std_arb": 0.8,
    "surplus": 45,
    "surplus_after_arb": 38.7,
    "team_name": "Team A",
    "total_points": 140,
    "vorp_per_game": 3,
  },
  {
    "birth_date": null,
    "dollar_value": 52,
    "full_season_vorp": 51,
    "games_played": 10,
    "is_college": false,
    "max_arb": 5.5,
    "mean_arb": 5,
    "min_arb": 4.5,
    "name": "RB-Team A-0",
    "nfl_team": "BUF",
    "pct_protected": 0,
    "player_id": "4",
    "position": "RB",
    "ppg": 18,
    "pps": 0.5,
    "price": 3,
    "replacement_ppg": 15,
    "salary_after_arb": 8,
    "snaps": 300,
    "std_arb": 0.4,
    "surplus": 49,
    "surplus_after_arb": 44,
    "team_name": "Team A",
    "total_points": 180,
    "vorp_per_game": 3,
  },
  {
    "birth_date": null,
    "dollar_value": 87,
    "full_season_vorp": 85,
    "games_played": 10,
    "is_college": false,
    "max_arb": 4.3,
    "mean_arb": 4.1,
    "min_arb": 3.7,
    "name": "WR-The Witchcraft-2",
    "nfl_team": "BUF",
    "pct_protected": 0,
    "player_id": "141",
    "position": "WR",
    "ppg": 17,
    "pps": 0.5,
    "price": 34,
    "replacement_ppg": 12,
    "salary_after_arb": 38.1,
    "snaps": 300,
    "std_arb": 0.3,
    "surplus": 53,
    "surplus_after_arb": 48.9,
    "team_name": "The Witchcraft",
    "total_points": 170,
    "vorp_per_game": 5,
  },
  {
    "birth_date": null,
    "dollar_value": 70,
    "full_season_vorp": 68,
    "games_played": 10,
    "is_college": false,
    "max_arb": 4.1,
    "mean_arb": 3.8,
    "min_arb": 3.6,
    "name": "RB-The Witchcraft-1",
    "nfl_team": "BUF",
    "pct_protected": 0,
    "player_id": "137",
    "position": "RB",
    "ppg": 19,
    "pps": 0.5,
    "price": 32,
    "replacement_ppg": 15,
    "salary_after_arb": 35.8,
    "snaps": 300,
    "std_arb": 0.2,
    "surplus": 38,
    "surplus_after_arb": 34.2,
    "team_name": "The Witchcraft",
    "total_points": 190,
    "vorp_per_game": 4,
  },
  {
    "birth_date": null,
    "dollar_value": 70,
    "full_season_vorp": 68,
    "games_played": 10,
    "is_college": false,
    "max_arb": 4.4,
    "mean_arb": 3.4,
    "min_arb": 2.1,
    "name": "RB-Team B-1",
    "nfl_team": "BUF",
    "pct_protected": 0,
    "player_id": "17",
    "position": "RB",
    "ppg": 19,
    "pps": 0.5,
    "price": 22,
    "replacement_ppg": 15,
    "salary_after_arb": 25.4,
    "snaps": 300,
    "std_arb": 0.9,
    "surplus": 48,
    "surplus_after_arb": 44.6,
    "team_name": "Team B",
    "total_points": 190,
    "vorp_per_game": 4,
  },
  {
    "birth_date": null,
    "dollar_value": 87,
    "full_season_vorp": 85,
    "games_played": 10,
    "is_college": false,
    "max_arb": 3.6,
    "mean_arb": 3.1,
    "min_arb": 2.7,
    "name": "TE-Team B-1",
    "nfl_team": "BUF",
    "pct_protected": 0,
    "player_id": "23",
    "position": "TE",
    "ppg": 16,
    "pps": 0.5,
    "price": 50,
    "replacement_ppg": 11,
    "salary_after_arb": 53.1,
    "snaps": 300,
    "std_arb": 0.4,
    "surplus": 37,
    "surplus_after_arb": 33.9,
    "team_name": "Team B",
    "total_points": 160,
    "vorp_per_game": 5,
  },
  {
    "birth_date": null,
    "dollar_value": 79,
    "full_season_vorp": 76.5,
    "games_played": 10,
    "is_college": false,
    "max_arb": 3.7,
    "mean_arb": 3.1,
    "min_arb": 2.7,
    "name": "QB-Team J-2",
    "nfl_team": "BUF",
    "pct_protected": 0,
    "player_id": "111",
    "position": "QB",
    "ppg": 17,
    "pps": 0.5,
    "price": 44,
    "replacement_ppg": 12.5,
    "salary_after_arb": 47.1,
    "snaps": 300,
    "std_arb": 0.4,
    "surplus": 35,
    "surplus_after_arb": 31.9,
    "team_name": "Team J",
    "total_points": 170,
    "vorp_per_game": 4.5,
  },
  {
    "birth_date": null,
    "dollar_value": 70,
    "full_season_vorp": 68,
    "games_played": 10,
    "is_college": false,
    "max_arb": 3.1,
    "mean_arb": 2.3,
    "min_arb": 1.3,
    "name": "WR-Team F-1",
    "nfl_team": "BUF",
    "pct_protected": 0,
    "player_id": "68",
    "position": "WR",
    "ppg": 16,
    "pps": 0.5,
    "price": 35,
    "replacement_ppg": 12,
    "salary_after_arb": 37.3,
    "snaps": 300,
    "std_arb": 0.8,
    "surplus": 35,
    "surplus_after_arb": 32.7,
    "team_name": "Team F",
    "total_points": 160,
    "vorp_per_game": 4,
  },
  {
    "birth_date": null,
    "dollar_value": 70,
    "full_season_vorp": 68,
    "games_played": 10,
    "is_college": false,
    "max_arb": 2.8,
    "mean_arb": 1.7,
    "min_arb": 0.8,
    "name": "TE-Team K-0",
    "nfl_team": "BUF",
    "pct_protected": 0,
    "player_id": "130",
    "position": "TE",
    "ppg": 15,
    "pps": 0.5,
    "price": 41,
    "replacement_ppg": 11,
    "salary_after_arb": 42.7,
    "snaps": 300,
    "std_arb": 0.8,
    "surplus": 29,
    "surplus_after_arb": 27.3,
    "team_name": "Team K",
    "total_points": 150,
    "vorp_per_game": 4,
  },
  {
    "birth_date": null,
    "dollar_value": 61,
    "full_season_vorp": 59.5,
    "games_played": 10,
    "is_college": false,
    "max_arb": 1.3,
    "mean_arb": 1,
    "min_arb": 0.6,
    "name": "QB-Team I-1",
    "nfl_team": "BUF",
    "pct_protected": 0,
    "player_id": "98",
    "position": "QB",
    "ppg": 16,
    "pps": 0.5,
    "price": 25,
    "replacement_ppg": 12.5,
    "salary_after_arb": 26,
    "snaps": 300,
    "std_arb": 0.3,
    "surplus": 36,
    "surplus_after_arb": 35,
    "team_name": "Team I",
    "total_points": 160,
    "vorp_per_game": 3.5,
  },
  {
    "birth_date": null,
    "dollar_value": 44,
    "full_season_vorp": 42.5,
    "games_played": 10,
    "is_college": false,
    "max_arb": 1.1,
    "mean_arb": 0.9,
    "min_arb": 0.6,
    "name": "QB-Team H-0",
    "nfl_team": "BUF",
    "pct_protected": 0,
    "player_id": "85",
    "position": "QB",
    "ppg": 15,
    "pps": 0.5,
    "price": 6,
    "replacement_ppg": 12.5,
    "salary_after_arb": 6.9,
    "snaps": 300,
    "std_arb": 0.3,
    "surplus": 38,
    "surplus_after_arb": 37.1,
    "team_name": "Team H",
    "total_points": 150,
    "vorp_per_game": 2.5,
  },
  {
    "birth_date": null,
    "dollar_value": 35,
    "full_season_vorp": 34,
    "games_played": 10,
    "is_college": false,
    "max_arb": 0.7,
    "mean_arb": 0.7,
    "min_arb": 0.7,
    "name": "RB-Team F-2",
    "nfl_team": "BUF",
    "pct_protected": 0,
    "player_id": "66",
    "position": "RB",
    "ppg": 17,
    "pps": 0.5,
    "price": 9,
    "replacement_ppg": 15,
    "salary_after_arb": 9.7,
    "snaps": 300,
    "std_arb": 0,
    "surplus": 26,
    "surplus_after_arb": 25.3,
    "team_name": "Team F",
    "total_points": 170,
    "vorp_per_game": 2,
  },
  {
    "birth_date": null,
    "dollar_value": 52,
    "full_season_vorp": 51,
    "games_played": 10,
    "is_college": false,
    "max_arb": 0.8,
    "mean_arb": 0.6,
    "min_arb": 0.5,
    "name": "WR-Team E-0",
    "nfl_team": "BUF",
    "pct_protected": 0,
    "player_id": "55",
    "position": "WR",
    "ppg": 15,
    "pps": 0.5,
    "price": 16,
    "replacement_ppg": 12,
    "salary_after_arb": 16.6,
    "snaps": 300,
    "std_arb": 0.1,
    "surplus": 36,
    "surplus_after_arb": 35.4,
    "team_name": "Team E",
    "total_points": 150,
    "vorp_per_game": 3,
  },
  {
    "birth_date": null,
    "dollar_value": 52,
    "full_season_vorp": 51,
    "games_played": 10,
    "is_college": false,
    "max_arb": 0.5,
    "mean_arb": 0.5,
    "min_arb": 0.5,
    "name": "RB-Team K-0",
    "nfl_team": "BUF",
    "pct_protected": 0,
    "player_id": "124",
    "position": "RB",
    "ppg": 18,
    "pps": 0.5,
    "price": 13,
    "replacement_ppg": 15,
    "salary_after_arb": 13.5,
    "snaps": 300,
    "std_arb": 0,
    "surplus": 39,
    "surplus_after_arb": 38.5,
    "team_name": "Team K",
    "total_points": 180,
    "vorp_per_game": 3,
  },
]
`;
