// Jest Snapshot v1, https://jestjs.io/docs/snapshot-testing

exports[`runArbitrationSimulation matches snapshot to catch regressions 1`] = `
[
  {
    "birth_date": null,
    "dollar_value": 204,
    "full_season_vorp": 125,
    "games_played": 10,
    "is_college": false,
    "max_arb": 43,
    "mean_arb": 42.4,
    "min_arb": 41.4,
    "name": "QB-Team G-1",
    "nfl_team": "BUF",
    "pct_protected": 1,
    "player_id": "74",
    "position": "QB",
    "ppg": 19.79,
    "pps": 0.5,
    "price": 31,
    "replacement_ppg": 12.44,
    "salary_after_arb": 73.4,
    "snaps": 300,
    "std_arb": 0.6,
    "surplus": 173,
    "surplus_after_arb": 130.6,
    "team_name": "Team G",
    "total_points": 198,
    "vorp_per_game": 7.35,
  },
  {
    "birth_date": null,
    "dollar_value": 134,
    "full_season_vorp": 81.8,
    "games_played": 10,
    "is_college": false,
    "max_arb": 38.5,
    "mean_arb": 37,
    "min_arb": 35.2,
    "name": "WR-Team C-2",
    "nfl_team": "BUF",
    "pct_protected": 0,
    "player_id": "33",
    "position": "WR",
    "ppg": 19.56,
    "pps": 0.5,
    "price": 6,
    "replacement_ppg": 14.75,
    "salary_after_arb": 43,
    "snaps": 300,
    "std_arb": 1.3,
    "surplus": 128,
    "surplus_after_arb": 91,
    "team_name": "Team C",
    "total_points": 196,
    "vorp_per_game": 4.81,
  },
  {
    "birth_date": null,
    "dollar_value": 182,
    "full_season_vorp": 111.7,
    "games_played": 10,
    "is_college": false,
    "max_arb": 39,
    "mean_arb": 36.6,
    "min_arb": 34.5,
    "name": "QB-Team D-2",
    "nfl_team": "BUF",
    "pct_protected": 0,
    "player_id": "39",
    "position": "QB",
    "ppg": 19.01,
    "pps": 0.5,
    "price": 49,
    "replacement_ppg": 12.44,
    "salary_after_arb": 85.6,
    "snaps": 300,
    "std_arb": 1.6,
    "surplus": 133,
    "surplus_after_arb": 96.4,
    "team_name": "Team D",
    "total_points": 190,
    "vorp_per_game": 6.57,
  },
  {
    "birth_date": null,
    "dollar_value": 163,
    "full_season_vorp": 99.5,
    "games_played": 10,
    "is_college": false,
    "max_arb": 33.9,
    "mean_arb": 31.7,
    "min_arb": 28.6,
    "name": "RB-Team I-0",
    "nfl_team": "BUF",
    "pct_protected": 0,
    "player_id": "100",
    "position": "RB",
    "ppg": 19.97,
    "pps": 0.5,
    "price": 41,
    "replacement_ppg": 14.115,
    "salary_after_arb": 72.7,
    "snaps": 300,
    "std_arb": 2,
    "surplus": 122,
    "surplus_after_arb": 90.3,
    "team_name": "Team I",
    "total_points": 200,
    "vorp_per_game": 5.85,
  },
  {
    "birth_date": null,
    "dollar_value": 141,
    "full_season_vorp": 86.5,
    "games_played": 10,
    "is_college": false,
    "max_arb": 32.2,
    "mean_arb": 31,
    "min_arb": 28.1,
    "name": "QB-Team D-1",
    "nfl_team": "BUF",
    "pct_protected": 0,
    "player_id": "38",
    "position": "QB",
    "ppg": 17.53,
    "pps": 0.5,
    "price": 30,
    "replacement_ppg": 12.44,
    "salary_after_arb": 61,
    "snaps": 300,
    "std_arb": 1.5,
    "surplus": 111,
    "surplus_after_arb": 80,
    "team_name": "Team D",
    "total_points": 175,
    "vorp_per_game": 5.09,
  },
]
`;
