// Jest Snapshot v1, https://jestjs.io/docs/snapshot-testing

exports[`runArbitrationSimulation matches snapshot for deterministic outputs 1`] = `
[
  {
    "birth_date": null,
    "dollar_value": 149,
    "full_season_vorp": 126.5,
    "games_played": 10,
    "is_college": false,
    "max_arb": 42.1,
    "mean_arb": 41.5,
    "min_arb": 41,
    "name": "QB-Team F-0",
    "nfl_team": "BUF",
    "pct_protected": 1,
    "player_id": "61",
    "position": "QB",
    "ppg": 19.87,
    "pps": 0.5,
    "price": 5,
    "replacement_ppg": 12.43,
    "salary_after_arb": 46.5,
    "snaps": 300,
    "std_arb": 0.4,
    "surplus": 144,
    "surplus_after_arb": 102.5,
    "team_name": "Team F",
    "total_points": 199,
    "vorp_per_game": 7.44,
  },
  {
    "birth_date": null,
    "dollar_value": 127,
    "full_season_vorp": 108,
    "games_played": 10,
    "is_college": false,
    "max_arb": 40.4,
    "mean_arb": 39.2,
    "min_arb": 38,
    "name": "RB-Team D-1",
    "nfl_team": "BUF",
    "pct_protected": 0.33,
    "player_id": "41",
    "position": "RB",
    "ppg": 18.52,
    "pps": 0.5,
    "price": 4,
    "replacement_ppg": 12.17,
    "salary_after_arb": 43.2,
    "snaps": 300,
    "std_arb": 1,
    "surplus": 123,
    "surplus_after_arb": 83.8,
    "team_name": "Team D",
    "total_points": 185,
    "vorp_per_game": 6.35,
  },
  {
    "birth_date": null,
    "dollar_value": 150,
    "full_season_vorp": 127.7,
    "games_played": 10,
    "is_college": false,
    "max_arb": 36.4,
    "mean_arb": 35.6,
    "min_arb": 35.1,
    "name": "QB-Team H-0",
    "nfl_team": "BUF",
    "pct_protected": 0,
    "player_id": "85",
    "position": "QB",
    "ppg": 19.94,
    "pps": 0.5,
    "price": 31,
    "replacement_ppg": 12.43,
    "salary_after_arb": 66.6,
    "snaps": 300,
    "std_arb": 0.6,
    "surplus": 119,
    "surplus_after_arb": 83.4,
    "team_name": "Team H",
    "total_points": 199,
    "vorp_per_game": 7.51,
  },
  {
    "birth_date": null,
    "dollar_value": 155,
    "full_season_vorp": 132.1,
    "games_played": 10,
    "is_college": false,
    "max_arb": 31.3,
    "mean_arb": 30,
    "min_arb": 28.1,
    "name": "RB-Team C-0",
    "nfl_team": "BUF",
    "pct_protected": 0,
    "player_id": "28",
    "position": "RB",
    "ppg": 19.94,
    "pps": 0.5,
    "price": 48,
    "replacement_ppg": 12.17,
    "salary_after_arb": 78,
    "snaps": 300,
    "std_arb": 1.3,
    "surplus": 107,
    "surplus_after_arb": 77,
    "team_name": "Team C",
    "total_points": 199,
    "vorp_per_game": 7.77,
  },
  {
    "birth_date": null,
    "dollar_value": 111,
    "full_season_vorp": 94.2,
    "games_played": 10,
    "is_college": false,
    "max_arb": 29.1,
    "mean_arb": 28.3,
    "min_arb": 27.1,
    "name": "TE-Team G-0",
    "nfl_team": "BUF",
    "pct_protected": 0,
    "player_id": "82",
    "position": "TE",
    "ppg": 18.94,
    "pps": 0.5,
    "price": 4,
    "replacement_ppg": 13.4,
    "salary_after_arb": 32.3,
    "snaps": 300,
    "std_arb": 0.9,
    "surplus": 107,
    "surplus_after_arb": 78.7,
    "team_name": "Team G",
    "total_points": 189,
    "vorp_per_game": 5.54,
  },
  {
    "birth_date": null,
    "dollar_value": 122,
    "full_season_vorp": 103.5,
    "games_played": 10,
    "is_college": false,
    "max_arb": 29.4,
    "mean_arb": 28.2,
    "min_arb": 26.7,
    "name": "RB-Team G-2",
    "nfl_team": "BUF",
    "pct_protected": 0,
    "player_id": "78",
    "position": "RB",
    "ppg": 18.26,
    "pps": 0.5,
    "price": 17,
    "replacement_ppg": 12.17,
    "salary_after_arb": 45.2,
    "snaps": 300,
    "std_arb": 1.1,
    "surplus": 105,
    "surplus_after_arb": 76.8,
    "team_name": "Team G",
    "total_points": 183,
    "vorp_per_game": 6.09,
  },
  {
    "birth_date": null,
    "dollar_value": 130,
    "full_season_vorp": 110.5,
    "games_played": 10,
    "is_college": false,
    "max_arb": 29.5,
    "mean_arb": 27.5,
    "min_arb": 24.9,
    "name": "RB-Team B-1",
    "nfl_team": "BUF",
    "pct_protected": 0,
    "player_id": "17",
    "position": "RB",
    "ppg": 18.67,
    "pps": 0.5,
    "price": 26,
    "replacement_ppg": 12.17,
    "salary_after_arb": 53.5,
    "snaps": 300,
    "std_arb": 1.9,
    "surplus": 104,
    "surplus_after_arb": 76.5,
    "team_name": "Team B",
    "total_points": 187,
    "vorp_per_game": 6.5,
  },
  {
    "birth_date": null,
    "dollar_value": 90,
    "full_season_vorp": 77,
    "games_played": 10,
    "is_college": false,
    "max_arb": 28.2,
    "mean_arb": 26.8,
    "min_arb": 25,
    "name": "TE-Team A-2",
    "nfl_team": "BUF",
    "pct_protected": 0,
    "player_id": "12",
    "position": "TE",
    "ppg": 17.93,
    "pps": 0.5,
    "price": 13,
    "replacement_ppg": 13.4,
    "salary_after_arb": 39.8,
    "snaps": 300,
    "std_arb": 1.4,
    "surplus": 77,
    "surplus_after_arb": 50.2,
    "team_name": "Team A",
    "total_points": 179,
    "vorp_per_game": 4.53,
  },
  {
    "birth_date": null,
    "dollar_value": 134,
    "full_season_vorp": 113.7,
    "games_played": 10,
    "is_college": false,
    "max_arb": 26.4,
    "mean_arb": 25.2,
    "min_arb": 24.4,
    "name": "RB-Team J-0",
    "nfl_team": "BUF",
    "pct_protected": 0,
    "player_id": "112",
    "position": "RB",
    "ppg": 18.86,
    "pps": 0.5,
    "price": 12,
    "replacement_ppg": 12.17,
    "salary_after_arb": 37.2,
    "snaps": 300,
    "std_arb": 0.8,
    "surplus": 122,
    "surplus_after_arb": 96.8,
    "team_name": "Team J",
    "total_points": 189,
    "vorp_per_game": 6.69,
  },
  {
    "birth_date": null,
    "dollar_value": 94,
    "full_season_vorp": 79.6,
    "games_played": 10,
    "is_college": false,
    "max_arb": 24.4,
    "mean_arb": 22.9,
    "min_arb": 22.1,
    "name": "TE-Team I-0",
    "nfl_team": "BUF",
    "pct_protected": 0,
    "player_id": "106",
    "position": "TE",
    "ppg": 18.08,
    "pps": 0.5,
    "price": 9,
    "replacement_ppg": 13.4,
    "salary_after_arb": 31.9,
    "snaps": 300,
    "std_arb": 1,
    "surplus": 85,
    "surplus_after_arb": 62.1,
    "team_name": "Team I",
    "total_points": 181,
    "vorp_per_game": 4.68,
  },
  {
    "birth_date": null,
    "dollar_value": 129,
    "full_season_vorp": 109.5,
    "games_played": 10,
    "is_college": false,
    "max_arb": 23.6,
    "mean_arb": 22.9,
    "min_arb": 21.8,
    "name": "TE-The Witchcraft-2",
    "nfl_team": "BUF",
    "pct_protected": 0,
    "player_id": "144",
    "position": "TE",
    "ppg": 19.84,
    "pps": 0.5,
    "price": 38,
    "replacement_ppg": 13.4,
    "salary_after_arb": 60.9,
    "snaps": 300,
    "std_arb": 0.8,
    "surplus": 91,
    "surplus_after_arb": 68.1,
    "team_name": "The Witchcraft",
    "total_points": 198,
    "vorp_per_game": 6.44,
  },
  {
    "birth_date": null,
    "dollar_value": 92,
    "full_season_vorp": 78.7,
    "games_played": 10,
    "is_college": false,
    "max_arb": 23.1,
    "mean_arb": 21.5,
    "min_arb": 19.1,
    "name": "QB-Team G-0",
    "nfl_team": "BUF",
    "pct_protected": 0,
    "player_id": "73",
    "position": "QB",
    "ppg": 17.06,
    "pps": 0.5,
    "price": 1,
    "replacement_ppg": 12.43,
    "salary_after_arb": 22.5,
    "snaps": 300,
    "std_arb": 1.7,
    "surplus": 91,
    "surplus_after_arb": 69.5,
    "team_name": "Team G",
    "total_points": 171,
    "vorp_per_game": 4.63,
  },
  {
    "birth_date": null,
    "dollar_value": 117,
    "full_season_vorp": 100,
    "games_played": 10,
    "is_college": false,
    "max_arb": 20,
    "mean_arb": 19.8,
    "min_arb": 19.7,
    "name": "QB-Team F-1",
    "nfl_team": "BUF",
    "pct_protected": 0,
    "player_id": "62",
    "position": "QB",
    "ppg": 18.31,
    "pps": 0.5,
    "price": 21,
    "replacement_ppg": 12.43,
    "salary_after_arb": 40.8,
    "snaps": 300,
    "std_arb": 0.1,
    "surplus": 96,
    "surplus_after_arb": 76.2,
    "team_name": "Team F",
    "total_points": 183,
    "vorp_per_game": 5.88,
  },
  {
    "birth_date": null,
    "dollar_value": 131,
    "full_season_vorp": 111.3,
    "games_played": 10,
    "is_college": false,
    "max_arb": 17.1,
    "mean_arb": 16.4,
    "min_arb": 16,
    "name": "TE-Team F-0",
    "nfl_team": "BUF",
    "pct_protected": 0,
    "player_id": "70",
    "position": "TE",
    "ppg": 19.95,
    "pps": 0.5,
    "price": 35,
    "replacement_ppg": 13.4,
    "salary_after_arb": 51.4,
    "snaps": 300,
    "std_arb": 0.5,
    "surplus": 96,
    "surplus_after_arb": 79.6,
    "team_name": "Team F",
    "total_points": 200,
    "vorp_per_game": 6.55,
  },
  {
    "birth_date": null,
    "dollar_value": 102,
    "full_season_vorp": 87,
    "games_played": 10,
    "is_college": false,
    "max_arb": 16.2,
    "mean_arb": 14.2,
    "min_arb": 12.5,
    "name": "TE-Team J-0",
    "nfl_team": "BUF",
    "pct_protected": 0,
    "player_id": "118",
    "position": "TE",
    "ppg": 18.52,
    "pps": 0.5,
    "price": 32,
    "replacement_ppg": 13.4,
    "salary_after_arb": 46.2,
    "snaps": 300,
    "std_arb": 1.5,
    "surplus": 70,
    "surplus_after_arb": 55.8,
    "team_name": "Team J",
    "total_points": 185,
    "vorp_per_game": 5.12,
  },
  {
    "birth_date": null,
    "dollar_value": 84,
    "full_season_vorp": 71.7,
    "games_played": 10,
    "is_college": false,
    "max_arb": 15.4,
    "mean_arb": 14.1,
    "min_arb": 12.6,
    "name": "WR-Team A-2",
    "nfl_team": "BUF",
    "pct_protected": 0,
    "player_id": "9",
    "position": "WR",
    "ppg": 19.93,
    "pps": 0.5,
    "price": 4,
    "replacement_ppg": 15.71,
    "salary_after_arb": 18.1,
    "snaps": 300,
    "std_arb": 1.1,
    "surplus": 80,
    "surplus_after_arb": 65.9,
    "team_name": "Team A",
    "total_points": 199,
    "vorp_per_game": 4.22,
  },
  {
    "birth_date": null,
    "dollar_value": 77,
    "full_season_vorp": 65.4,
    "games_played": 10,
    "is_college": false,
    "max_arb": 14.3,
    "mean_arb": 13.5,
    "min_arb": 12,
    "name": "WR-Team J-1",
    "nfl_team": "BUF",
    "pct_protected": 0,
    "player_id": "116",
    "position": "WR",
    "ppg": 19.56,
    "pps": 0.5,
    "price": 3,
    "replacement_ppg": 15.71,
    "salary_after_arb": 16.5,
    "snaps": 300,
    "std_arb": 1,
    "surplus": 74,
    "surplus_after_arb": 60.5,
    "team_name": "Team J",
    "total_points": 196,
    "vorp_per_game": 3.85,
  },
  {
    "birth_date": null,
    "dollar_value": 80,
    "full_season_vorp": 67.8,
    "games_played": 10,
    "is_college": false,
    "max_arb": 13.6,
    "mean_arb": 13.1,
    "min_arb": 12.8,
    "name": "QB-Team K-2",
    "nfl_team": "BUF",
    "pct_protected": 0,
    "player_id": "123",
    "position": "QB",
    "ppg": 16.42,
    "pps": 0.5,
    "price": 10,
    "replacement_ppg": 12.43,
    "salary_after_arb": 23.1,
    "snaps": 300,
    "std_arb": 0.4,
    "surplus": 70,
    "surplus_after_arb": 56.9,
    "team_name": "Team K",
    "total_points": 164,
    "vorp_per_game": 3.99,
  },
  {
    "birth_date": null,
    "dollar_value": 98,
    "full_season_vorp": 83.8,
    "games_played": 10,
    "is_college": false,
    "max_arb": 12.7,
    "mean_arb": 12.2,
    "min_arb": 11.9,
    "name": "QB-Team B-2",
    "nfl_team": "BUF",
    "pct_protected": 0,
    "player_id": "15",
    "position": "QB",
    "ppg": 17.36,
    "pps": 0.5,
    "price": 28,
    "replacement_ppg": 12.43,
    "salary_after_arb": 40.2,
    "snaps": 300,
    "std_arb": 0.4,
    "surplus": 70,
    "surplus_after_arb": 57.8,
    "team_name": "Team B",
    "total_points": 174,
    "vorp_per_game": 4.93,
  },
  {
    "birth_date": null,
    "dollar_value": 81,
    "full_season_vorp": 68.8,
    "games_played": 10,
    "is_college": false,
    "max_arb": 12.3,
    "mean_arb": 10.6,
    "min_arb": 9.1,
    "name": "TE-Team I-1",
    "nfl_team": "BUF",
    "pct_protected": 0,
    "player_id": "107",
    "position": "TE",
    "ppg": 17.45,
    "pps": 0.5,
    "price": 20,
    "replacement_ppg": 13.4,
    "salary_after_arb": 30.6,
    "snaps": 300,
    "std_arb": 1.3,
    "surplus": 61,
    "surplus_after_arb": 50.4,
    "team_name": "Team I",
    "total_points": 175,
    "vorp_per_game": 4.05,
  },
  {
    "birth_date": null,
    "dollar_value": 96,
    "full_season_vorp": 81.4,
    "games_played": 10,
    "is_college": false,
    "max_arb": 12.8,
    "mean_arb": 10.2,
    "min_arb": 8.7,
    "name": "TE-Team C-1",
    "nfl_team": "BUF",
    "pct_protected": 0,
    "player_id": "35",
    "position": "TE",
    "ppg": 18.19,
    "pps": 0.5,
    "price": 34,
    "replacement_ppg": 13.4,
    "salary_after_arb": 44.2,
    "snaps": 300,
    "std_arb": 1.8,
    "surplus": 62,
    "surplus_after_arb": 51.8,
    "team_name": "Team C",
    "total_points": 182,
    "vorp_per_game": 4.79,
  },
  {
    "birth_date": null,
    "dollar_value": 111,
    "full_season_vorp": 94.7,
    "games_played": 10,
    "is_college": false,
    "max_arb": 8.9,
    "mean_arb": 8.7,
    "min_arb": 8.4,
    "name": "TE-Team F-1",
    "nfl_team": "BUF",
    "pct_protected": 0,
    "player_id": "71",
    "position": "TE",
    "ppg": 18.97,
    "pps": 0.5,
    "price": 33,
    "replacement_ppg": 13.4,
    "salary_after_arb": 41.7,
    "snaps": 300,
    "std_arb": 0.2,
    "surplus": 78,
    "surplus_after_arb": 69.3,
    "team_name": "Team F",
    "total_points": 190,
    "vorp_per_game": 5.57,
  },
  {
    "birth_date": null,
    "dollar_value": 100,
    "full_season_vorp": 85.5,
    "games_played": 10,
    "is_college": false,
    "max_arb": 9.1,
    "mean_arb": 8.2,
    "min_arb": 7.3,
    "name": "TE-The Witchcraft-0",
    "nfl_team": "BUF",
    "pct_protected": 0,
    "player_id": "142",
    "position": "TE",
    "ppg": 18.43,
    "pps": 0.5,
    "price": 49,
    "replacement_ppg": 13.4,
    "salary_after_arb": 57.2,
    "snaps": 300,
    "std_arb": 0.8,
    "surplus": 51,
    "surplus_after_arb": 42.8,
    "team_name": "The Witchcraft",
    "total_points": 184,
    "vorp_per_game": 5.03,
  },
  {
    "birth_date": null,
    "dollar_value": 69,
    "full_season_vorp": 58.7,
    "games_played": 10,
    "is_college": false,
    "max_arb": 9.5,
    "mean_arb": 8.2,
    "min_arb": 7.1,
    "name": "QB-Team B-0",
    "nfl_team": "BUF",
    "pct_protected": 0,
    "player_id": "13",
    "position": "QB",
    "ppg": 15.88,
    "pps": 0.5,
    "price": 12,
    "replacement_ppg": 12.43,
    "salary_after_arb": 20.2,
    "snaps": 300,
    "std_arb": 1,
    "surplus": 57,
    "surplus_after_arb": 48.8,
    "team_name": "Team B",
    "total_points": 159,
    "vorp_per_game": 3.45,
  },
  {
    "birth_date": null,
    "dollar_value": 80,
    "full_season_vorp": 67.8,
    "games_played": 10,
    "is_college": false,
    "max_arb": 8,
    "mean_arb": 7.6,
    "min_arb": 6.8,
    "name": "QB-Team K-0",
    "nfl_team": "BUF",
    "pct_protected": 0,
    "player_id": "121",
    "position": "QB",
    "ppg": 16.42,
    "pps": 0.5,
    "price": 32,
    "replacement_ppg": 12.43,
    "salary_after_arb": 39.6,
    "snaps": 300,
    "std_arb": 0.5,
    "surplus": 48,
    "surplus_after_arb": 40.4,
    "team_name": "Team K",
    "total_points": 164,
    "vorp_per_game": 3.99,
  },
  {
    "birth_date": null,
    "dollar_value": 79,
    "full_season_vorp": 67.3,
    "games_played": 10,
    "is_college": false,
    "max_arb": 6,
    "mean_arb": 5.9,
    "min_arb": 5.7,
    "name": "RB-Team E-0",
    "nfl_team": "BUF",
    "pct_protected": 0,
    "player_id": "52",
    "position": "RB",
    "ppg": 16.13,
    "pps": 0.5,
    "price": 39,
    "replacement_ppg": 12.17,
    "salary_after_arb": 44.9,
    "snaps": 300,
    "std_arb": 0.1,
    "surplus": 40,
    "surplus_after_arb": 34.1,
    "team_name": "Team E",
    "total_points": 161,
    "vorp_per_game": 3.96,
  },
  {
    "birth_date": null,
    "dollar_value": 70,
    "full_season_vorp": 60,
    "games_played": 10,
    "is_college": false,
    "max_arb": 6.5,
    "mean_arb": 5.7,
    "min_arb": 4.5,
    "name": "RB-Team G-1",
    "nfl_team": "BUF",
    "pct_protected": 0,
    "player_id": "77",
    "position": "RB",
    "ppg": 15.7,
    "pps": 0.5,
    "price": 5,
    "replacement_ppg": 12.17,
    "salary_after_arb": 10.7,
    "snaps": 300,
    "std_arb": 0.8,
    "surplus": 65,
    "surplus_after_arb": 59.3,
    "team_name": "Team G",
    "total_points": 157,
    "vorp_per_game": 3.53,
  },
  {
    "birth_date": null,
    "dollar_value": 53,
    "full_season_vorp": 44.9,
    "games_played": 10,
    "is_college": false,
    "max_arb": 5.3,
    "mean_arb": 4.6,
    "min_arb": 3.9,
    "name": "QB-The Witchcraft-0",
    "nfl_team": "BUF",
    "pct_protected": 0,
    "player_id": "133",
    "position": "QB",
    "ppg": 15.07,
    "pps": 0.5,
    "price": 3,
    "replacement_ppg": 12.43,
    "salary_after_arb": 7.6,
    "snaps": 300,
    "std_arb": 0.6,
    "surplus": 50,
    "surplus_after_arb": 45.4,
    "team_name": "The Witchcraft",
    "total_points": 151,
    "vorp_per_game": 2.64,
  },
  {
    "birth_date": null,
    "dollar_value": 48,
    "full_season_vorp": 40.8,
    "games_played": 10,
    "is_college": false,
    "max_arb": 3.8,
    "mean_arb": 2.9,
    "min_arb": 2,
    "name": "WR-Team D-0",
    "nfl_team": "BUF",
    "pct_protected": 0,
    "player_id": "43",
    "position": "WR",
    "ppg": 18.11,
    "pps": 0.5,
    "price": 8,
    "replacement_ppg": 15.71,
    "salary_after_arb": 10.9,
    "snaps": 300,
    "std_arb": 0.7,
    "surplus": 40,
    "surplus_after_arb": 37.1,
    "team_name": "Team D",
    "total_points": 181,
    "vorp_per_game": 2.4,
  },
  {
    "birth_date": null,
    "dollar_value": 103,
    "full_season_vorp": 88.1,
    "games_played": 10,
    "is_college": false,
    "max_arb": 2.3,
    "mean_arb": 2.2,
    "min_arb": 2.2,
    "name": "RB-Team G-0",
    "nfl_team": "BUF",
    "pct_protected": 0,
    "player_id": "76",
    "position": "RB",
    "ppg": 17.35,
    "pps": 0.5,
    "price": 35,
    "replacement_ppg": 12.17,
    "salary_after_arb": 37.2,
    "snaps": 300,
    "std_arb": 0,
    "surplus": 68,
    "surplus_after_arb": 65.8,
    "team_name": "Team G",
    "total_points": 173,
    "vorp_per_game": 5.18,
  },
  {
    "birth_date": null,
    "dollar_value": 42,
    "full_season_vorp": 35.7,
    "games_played": 10,
    "is_college": false,
    "max_arb": 3.2,
    "mean_arb": 1.9,
    "min_arb": 0.6,
    "name": "RB-Team J-1",
    "nfl_team": "BUF",
    "pct_protected": 0,
    "player_id": "113",
    "position": "RB",
    "ppg": 14.27,
    "pps": 0.5,
    "price": 2,
    "replacement_ppg": 12.17,
    "salary_after_arb": 3.9,
    "snaps": 300,
    "std_arb": 1.1,
    "surplus": 40,
    "surplus_after_arb": 38.1,
    "team_name": "Team J",
    "total_points": 143,
    "vorp_per_game": 2.1,
  },
  {
    "birth_date": null,
    "dollar_value": 64,
    "full_season_vorp": 54.4,
    "games_played": 10,
    "is_college": false,
    "max_arb": 2.2,
    "mean_arb": 1.5,
    "min_arb": 0.8,
    "name": "TE-Team B-0",
    "nfl_team": "BUF",
    "pct_protected": 0,
    "player_id": "22",
    "position": "TE",
    "ppg": 16.6,
    "pps": 0.5,
    "price": 32,
    "replacement_ppg": 13.4,
    "salary_after_arb": 33.5,
    "snaps": 300,
    "std_arb": 0.6,
    "surplus": 32,
    "surplus_after_arb": 30.5,
    "team_name": "Team B",
    "total_points": 166,
    "vorp_per_game": 3.2,
  },
  {
    "birth_date": null,
    "dollar_value": 45,
    "full_season_vorp": 38.6,
    "games_played": 10,
    "is_college": false,
    "max_arb": 1.2,
    "mean_arb": 1,
    "min_arb": 0.9,
    "name": "RB-The Witchcraft-0",
    "nfl_team": "BUF",
    "pct_protected": 0,
    "player_id": "136",
    "position": "RB",
    "ppg": 14.44,
    "pps": 0.5,
    "price": 15,
    "replacement_ppg": 12.17,
    "salary_after_arb": 16,
    "snaps": 300,
    "std_arb": 0.1,
    "surplus": 30,
    "surplus_after_arb": 29,
    "team_name": "The Witchcraft",
    "total_points": 144,
    "vorp_per_game": 2.27,
  },
  {
    "birth_date": null,
    "dollar_value": 70,
    "full_season_vorp": 59.7,
    "games_played": 10,
    "is_college": false,
    "max_arb": 1.7,
    "mean_arb": 1,
    "min_arb": 0.5,
    "name": "QB-Team B-1",
    "nfl_team": "BUF",
    "pct_protected": 0,
    "player_id": "14",
    "position": "QB",
    "ppg": 15.94,
    "pps": 0.5,
    "price": 39,
    "replacement_ppg": 12.43,
    "salary_after_arb": 40,
    "snaps": 300,
    "std_arb": 0.5,
    "surplus": 31,
    "surplus_after_arb": 30,
    "team_name": "Team B",
    "total_points": 159,
    "vorp_per_game": 3.51,
  },
  {
    "birth_date": null,
    "dollar_value": 55,
    "full_season_vorp": 46.9,
    "games_played": 10,
    "is_college": false,
    "max_arb": 0.7,
    "mean_arb": 0.7,
    "min_arb": 0.7,
    "name": "RB-Team F-2",
    "nfl_team": "BUF",
    "pct_protected": 0,
    "player_id": "66",
    "position": "RB",
    "ppg": 14.93,
    "pps": 0.5,
    "price": 14,
    "replacement_ppg": 12.17,
    "salary_after_arb": 14.7,
    "snaps": 300,
    "std_arb": 0,
    "surplus": 41,
    "surplus_after_arb": 40.3,
    "team_name": "Team F",
    "total_points": 149,
    "vorp_per_game": 2.76,
  },
  {
    "birth_date": null,
    "dollar_value": 64,
    "full_season_vorp": 54.7,
    "games_played": 10,
    "is_college": false,
    "max_arb": 0.7,
    "mean_arb": 0.7,
    "min_arb": 0.7,
    "name": "QB-Team D-2",
    "nfl_team": "BUF",
    "pct_protected": 0,
    "player_id": "39",
    "position": "QB",
    "ppg": 15.65,
    "pps": 0.5,
    "price": 39,
    "replacement_ppg": 12.43,
    "salary_after_arb": 39.7,
    "snaps": 300,
    "std_arb": 0,
    "surplus": 25,
    "surplus_after_arb": 24.3,
    "team_name": "Team D",
    "total_points": 157,
    "vorp_per_game": 3.22,
  },
  {
    "birth_date": null,
    "dollar_value": 40,
    "full_season_vorp": 33.8,
    "games_played": 10,
    "is_college": false,
    "max_arb": 0.7,
    "mean_arb": 0.6,
    "min_arb": 0.5,
    "name": "WR-The Witchcraft-1",
    "nfl_team": "BUF",
    "pct_protected": 0,
    "player_id": "140",
    "position": "WR",
    "ppg": 17.7,
    "pps": 0.5,
    "price": 13,
    "replacement_ppg": 15.71,
    "salary_after_arb": 13.6,
    "snaps": 300,
    "std_arb": 0.1,
    "surplus": 27,
    "surplus_after_arb": 26.4,
    "team_name": "The Witchcraft",
    "total_points": 177,
    "vorp_per_game": 1.99,
  },
  {
    "birth_date": null,
    "dollar_value": 81,
    "full_season_vorp": 68.8,
    "games_played": 10,
    "is_college": false,
    "max_arb": 0.6,
    "mean_arb": 0.6,
    "min_arb": 0.5,
    "name": "TE-Team G-2",
    "nfl_team": "BUF",
    "pct_protected": 0,
    "player_id": "84",
    "position": "TE",
    "ppg": 17.45,
    "pps": 0.5,
    "price": 46,
    "replacement_ppg": 13.4,
    "salary_after_arb": 46.6,
    "snaps": 300,
    "std_arb": 0,
    "surplus": 35,
    "surplus_after_arb": 34.4,
    "team_name": "Team G",
    "total_points": 175,
    "vorp_per_game": 4.05,
  },
  {
    "birth_date": null,
    "dollar_value": 45,
    "full_season_vorp": 37.9,
    "games_played": 10,
    "is_college": false,
    "max_arb": 0.6,
    "mean_arb": 0.6,
    "min_arb": 0.6,
    "name": "QB-Team D-0",
    "nfl_team": "BUF",
    "pct_protected": 0,
    "player_id": "37",
    "position": "QB",
    "ppg": 14.66,
    "pps": 0.5,
    "price": 17,
    "replacement_ppg": 12.43,
    "salary_after_arb": 17.6,
    "snaps": 300,
    "std_arb": 0,
    "surplus": 28,
    "surplus_after_arb": 27.4,
    "team_name": "Team D",
    "total_points": 147,
    "vorp_per_game": 2.23,
  },
  {
    "birth_date": null,
    "dollar_value": 41,
    "full_season_vorp": 34.7,
    "games_played": 10,
    "is_college": false,
    "max_arb": 0.6,
    "mean_arb": 0.6,
    "min_arb": 0.6,
    "name": "WR-Team I-2",
    "nfl_team": "BUF",
    "pct_protected": 0,
    "player_id": "105",
    "position": "WR",
    "ppg": 17.75,
    "pps": 0.5,
    "price": 25,
    "replacement_ppg": 15.71,
    "salary_after_arb": 25.6,
    "snaps": 300,
    "std_arb": 0,
    "surplus": 16,
    "surplus_after_arb": 15.4,
    "team_name": "Team I",
    "total_points": 178,
    "vorp_per_game": 2.04,
  },
  {
    "birth_date": null,
    "dollar_value": 48,
    "full_season_vorp": 40.6,
    "games_played": 10,
    "is_college": false,
    "max_arb": 0.5,
    "mean_arb": 0.5,
    "min_arb": 0.5,
    "name": "WR-Team E-0",
    "nfl_team": "BUF",
    "pct_protected": 0,
    "player_id": "55",
    "position": "WR",
    "ppg": 18.1,
    "pps": 0.5,
    "price": 24,
    "replacement_ppg": 15.71,
    "salary_after_arb": 24.5,
    "snaps": 300,
    "std_arb": 0,
    "surplus": 24,
    "surplus_after_arb": 23.5,
    "team_name": "Team E",
    "total_points": 181,
    "vorp_per_game": 2.39,
  },
]
`;
